BACI System: C-- to PCODE Compiler, 12:29  18 Jul 2004
Source file: C:\jbaci\examples\medicoMonitores\medicMonit.cm  Tue Oct 19 23:03:20 2021
 line  pc
   1    0  monitor Atencion{
   2    0  	int N;
   3    0  	condition Medico;
   4    0  	condition Paciente;
   5    0  	condition Sintoma;
   6    0  	condition Diagnostica;
   7    0  int pregunt=0;
   8    0  int dio=0;
   9    0  void paciente(int id){
  10    1  	if(N==1) waitc(Paciente);
  11    8  	N=1;
  12   11  	cout<<"EEEl Paciente "<<id<<" busca al medico" <<endl;
  13   16  	
  14   16  	signalc(Medico); 
  15   18  	//if(pregunt=1){
  16   18  	waitc(Sintoma);
  17   21  	cout<<"     el paciente "<<id<<" DA sus sintomas"<<'\n'; 
  18   27  	dio=1;
  19   30  	signalc(Diagnostica);
  20   32  	//signal(Sintoma);
  21   32  	//}else{waitc(Sintoma);}
  22   32  	//signal(Medico);
  23   32  }
  24   34  
  25   34  void medico(int id){
  26   35  	int j;
  27   35  	int i;
  28   35  	if(N==0) waitc(Medico);
  29   42  	while(j<5){ //se necesita n pacientes
  30   46  	
  31   46  	N=0;
  32   49  	cout<<"     Medico "<<id<<" pregunta sus Sintomas"<<'\n';
  33   55  	pregunt=1;
  34   58  	signalc(Sintoma);
  35   60  	
  36   60  	if(dio==1){
  37   64  	//waitc(Diagnostica);
  38   64  	cout<<" el Medico "<<id<<" diacnostica"<<'\n';
  39   70  		signalc(Paciente);
  40   72  	}else{}
  41   73  	
  42   73  	
  43   73  	cout<<endl;
  44   74  	j++;
  45   79  	
  46   79  }
  47   80  
  48   80  }
  49   82  init{
  50   88  	N=0;
  51   91  }
  52   92  }
  53   92  
  54   92  void pacienteA(int ID){
  55   92  	paciente(ID);
  56   96  }
  57   97  
  58   97  void atiende(int ID){
  59   97  	medico(ID);
  60  101  }
  61  102  void main(){
  62  103  		cobegin{
  63  104  		pacienteA(1);pacienteA(2);pacienteA(3);pacienteA(4);pacienteA(5);
  64  124  		atiende(1);
  65  128  		}
  66  129  }
